#
# There is insufficient memory for the Java Runtime Environment to continue.
# Native memory allocation (mmap) failed to map 18874368 bytes for G1 virtual space
# Possible reasons:
#   The system is out of physical RAM or swap space
#   The process is running with CompressedOops enabled, and the Java Heap may be blocking the growth of the native heap
# Possible solutions:
#   Reduce memory load on the system
#   Increase physical memory or swap space
#   Check if swap backing store is full
#   Decrease Java heap size (-Xmx/-Xms)
#   Decrease number of Java threads
#   Decrease Java thread stack sizes (-Xss)
#   Set larger code cache with -XX:ReservedCodeCacheSize=
#   JVM is running with Unscaled Compressed Oops mode in which the Java heap is
#     placed in the first 4GB address space. The Java Heap base address is the
#     maximum limit for the native heap growth. Please use -XX:HeapBaseMinAddress
#     to set the Java Heap base and to place the Java Heap above 4GB virtual address.
# This output file may be truncated or incomplete.
#
#  Out of Memory Error (os_windows.cpp:3548), pid=28592, tid=30992
#
# JRE version: Java(TM) SE Runtime Environment (17.0.12+8) (build 17.0.12+8-LTS-286)
# Java VM: Java HotSpot(TM) 64-Bit Server VM (17.0.12+8-LTS-286, mixed mode, emulated-client, sharing, tiered, compressed oops, compressed class ptrs, g1 gc, windows-amd64)
# No core dump will be written. Minidumps are not enabled by default on client versions of Windows
#

---------------  S U M M A R Y ------------

Command Line: -XX:TieredStopAtLevel=1 com.estore.customer.CustomerApplication

Host: AMD Ryzen 7 5800H with Radeon Graphics         , 16 cores, 5G,  Windows 11 , 64 bit Build 26100 (10.0.26100.8246)
Time: Tue May 12 23:06:47 2026 Central European Daylight Time elapsed time: 3415.604019 seconds (0d 0h 56m 55s)

---------------  T H R E A D  ---------------

Current thread (0x000001ba94738cc0):  VMThread "VM Thread" [stack: 0x0000006df8c00000,0x0000006df8d00000] [id=30992]

Stack: [0x0000006df8c00000,0x0000006df8d00000]
Native frames: (J=compiled Java code, j=interpreted, Vv=VM code, C=native code)
V  [jvm.dll+0x67a04a]
V  [jvm.dll+0x7da4ed]
V  [jvm.dll+0x7dbe33]
V  [jvm.dll+0x7dc4a3]
V  [jvm.dll+0x24508f]
V  [jvm.dll+0x677089]
V  [jvm.dll+0x66bd32]
V  [jvm.dll+0x301fa6]
V  [jvm.dll+0x309546]
V  [jvm.dll+0x359d2e]
V  [jvm.dll+0x359f5f]
V  [jvm.dll+0x2d9078]
V  [jvm.dll+0x2d74ad]
V  [jvm.dll+0x2d6afc]
V  [jvm.dll+0x31a65b]
V  [jvm.dll+0x7e0d9b]
V  [jvm.dll+0x7e1ad4]
V  [jvm.dll+0x7e1fed]
V  [jvm.dll+0x7e23c4]
V  [jvm.dll+0x7e2490]
V  [jvm.dll+0x78abea]
V  [jvm.dll+0x678f35]
C  [ucrtbase.dll+0x37b0]
C  [KERNEL32.DLL+0x2e8d7]
C  [ntdll.dll+0x8c3fc]

VM_Operation (0x0000006dfaffe2f0): G1CollectForAllocation, mode: safepoint, requested by thread 0x000001badba34d30


---------------  P R O C E S S  ---------------

Threads class SMR info:
_java_thread_list=0x000001badcf62460, length=29, elements={
0x000001ba94741ff0, 0x000001ba94745440, 0x000001ba9474d1d0, 0x000001ba9474daa0,
0x000001ba94750ef0, 0x000001ba94752740, 0x000001ba9476e3e0, 0x000001ba94770870,
0x000001bada1031b0, 0x000001bada10a4c0, 0x000001badae47240, 0x000001badae47750,
0x000001badae47c60, 0x000001badba34820, 0x000001badba32ed0, 0x000001badba34d30,
0x000001badba35240, 0x000001badba31a90, 0x000001badba35750, 0x000001badba35c60,
0x000001badba324b0, 0x000001badba37ac0, 0x000001badba36b90, 0x000001badba36170,
0x000001badba36680, 0x000001badba370a0, 0x000001badba375b0, 0x000001badba37fd0,
0x000001badba384e0
}

Java Threads: ( => current thread )
  0x000001ba94741ff0 JavaThread "Reference Handler" daemon [_thread_blocked, id=28664, stack(0x0000006df8d00000,0x0000006df8e00000)]
  0x000001ba94745440 JavaThread "Finalizer" daemon [_thread_blocked, id=27472, stack(0x0000006df8e00000,0x0000006df8f00000)]
  0x000001ba9474d1d0 JavaThread "Signal Dispatcher" daemon [_thread_blocked, id=30096, stack(0x0000006df8f00000,0x0000006df9000000)]
  0x000001ba9474daa0 JavaThread "Attach Listener" daemon [_thread_blocked, id=28752, stack(0x0000006df9000000,0x0000006df9100000)]
  0x000001ba94750ef0 JavaThread "Service Thread" daemon [_thread_blocked, id=31608, stack(0x0000006df9100000,0x0000006df9200000)]
  0x000001ba94752740 JavaThread "Monitor Deflation Thread" daemon [_thread_blocked, id=31292, stack(0x0000006df9200000,0x0000006df9300000)]
  0x000001ba9476e3e0 JavaThread "C1 CompilerThread0" daemon [_thread_blocked, id=23820, stack(0x0000006df9300000,0x0000006df9400000)]
  0x000001ba94770870 JavaThread "Sweeper thread" daemon [_thread_blocked, id=33784, stack(0x0000006df9400000,0x0000006df9500000)]
  0x000001bada1031b0 JavaThread "Notification Thread" daemon [_thread_blocked, id=26700, stack(0x0000006df9700000,0x0000006df9800000)]
  0x000001bada10a4c0 JavaThread "Common-Cleaner" daemon [_thread_blocked, id=31060, stack(0x0000006df9900000,0x0000006df9a00000)]
  0x000001badae47240 JavaThread "Catalina-utility-1" [_thread_blocked, id=32116, stack(0x0000006df9600000,0x0000006df9700000)]
  0x000001badae47750 JavaThread "Catalina-utility-2" [_thread_blocked, id=796, stack(0x0000006dfa500000,0x0000006dfa600000)]
  0x000001badae47c60 JavaThread "container-0" [_thread_blocked, id=28364, stack(0x0000006dfab00000,0x0000006dfac00000)]
  0x000001badba34820 JavaThread "PostgreSQL-JDBC-Cleaner" daemon [_thread_blocked, id=30120, stack(0x0000006dfad00000,0x0000006dfae00000)]
  0x000001badba32ed0 JavaThread "HikariPool-1 housekeeper" daemon [_thread_blocked, id=5556, stack(0x0000006dfae00000,0x0000006dfaf00000)]
  0x000001badba34d30 JavaThread "File Watcher" daemon [_thread_blocked, id=31188, stack(0x0000006dfaf00000,0x0000006dfb000000)]
  0x000001badba35240 JavaThread "http-nio-8020-exec-1" daemon [_thread_blocked, id=29300, stack(0x0000006dfb100000,0x0000006dfb200000)]
  0x000001badba31a90 JavaThread "http-nio-8020-exec-2" daemon [_thread_blocked, id=25512, stack(0x0000006dfb200000,0x0000006dfb300000)]
  0x000001badba35750 JavaThread "http-nio-8020-exec-3" daemon [_thread_blocked, id=20088, stack(0x0000006dfb300000,0x0000006dfb400000)]
  0x000001badba35c60 JavaThread "http-nio-8020-exec-4" daemon [_thread_blocked, id=29784, stack(0x0000006dfb400000,0x0000006dfb500000)]
  0x000001badba324b0 JavaThread "http-nio-8020-exec-5" daemon [_thread_blocked, id=30104, stack(0x0000006dfb500000,0x0000006dfb600000)]
  0x000001badba37ac0 JavaThread "http-nio-8020-exec-6" daemon [_thread_blocked, id=27756, stack(0x0000006dfb600000,0x0000006dfb700000)]
  0x000001badba36b90 JavaThread "http-nio-8020-exec-7" daemon [_thread_blocked, id=24808, stack(0x0000006dfb700000,0x0000006dfb800000)]
  0x000001badba36170 JavaThread "http-nio-8020-exec-8" daemon [_thread_blocked, id=8720, stack(0x0000006dfb800000,0x0000006dfb900000)]
  0x000001badba36680 JavaThread "http-nio-8020-exec-9" daemon [_thread_blocked, id=20936, stack(0x0000006dfb900000,0x0000006dfba00000)]
  0x000001badba370a0 JavaThread "http-nio-8020-exec-10" daemon [_thread_blocked, id=23380, stack(0x0000006dfba00000,0x0000006dfbb00000)]
  0x000001badba375b0 JavaThread "http-nio-8020-Poller" daemon [_thread_blocked, id=33300, stack(0x0000006dfbb00000,0x0000006dfbc00000)]
  0x000001badba37fd0 JavaThread "http-nio-8020-Acceptor" daemon [_thread_in_native, id=31260, stack(0x0000006dfbc00000,0x0000006dfbd00000)]
  0x000001badba384e0 JavaThread "DestroyJavaVM" [_thread_blocked, id=5452, stack(0x0000006df8600000,0x0000006df8700000)]

Other Threads:
=>0x000001ba94738cc0 VMThread "VM Thread" [stack: 0x0000006df8c00000,0x0000006df8d00000] [id=30992]
  0x000001ba945a9fb0 WatcherThread [stack: 0x0000006df9800000,0x0000006df9900000] [id=10404]
  0x000001ba8352e370 GCTaskThread "GC Thread#0" [stack: 0x0000006df8700000,0x0000006df8800000] [id=21616]
  0x000001bada968580 GCTaskThread "GC Thread#1" [stack: 0x0000006df9c00000,0x0000006df9d00000] [id=31940]
  0x000001bada9883a0 GCTaskThread "GC Thread#2" [stack: 0x0000006df9d00000,0x0000006df9e00000] [id=28328]
  0x000001bada971c30 GCTaskThread "GC Thread#3" [stack: 0x0000006df9e00000,0x0000006df9f00000] [id=5664]
  0x000001bada97dd60 GCTaskThread "GC Thread#4" [stack: 0x0000006df9f00000,0x0000006dfa000000] [id=25920]
  0x000001bada97e830 GCTaskThread "GC Thread#5" [stack: 0x0000006dfa000000,0x0000006dfa100000] [id=18660]
  0x000001badabfafa0 GCTaskThread "GC Thread#6" [stack: 0x0000006dfa300000,0x0000006dfa400000] [id=27888]
  0x000001badabfb260 GCTaskThread "GC Thread#7" [stack: 0x0000006dfa400000,0x0000006dfa500000] [id=32120]
  0x000001bada025900 GCTaskThread "GC Thread#8" [stack: 0x0000006dfa600000,0x0000006dfa700000] [id=31644]
  0x000001bada836c00 GCTaskThread "GC Thread#9" [stack: 0x0000006dfa700000,0x0000006dfa800000] [id=21844]
  0x000001bada7fc850 GCTaskThread "GC Thread#10" [stack: 0x0000006dfa800000,0x0000006dfa900000] [id=21764]
  0x000001badb046aa0 GCTaskThread "GC Thread#11" [stack: 0x0000006dfa900000,0x0000006dfaa00000] [id=31532]
  0x000001bada007ce0 GCTaskThread "GC Thread#12" [stack: 0x0000006dfaa00000,0x0000006dfab00000] [id=31804]
  0x000001ba8353ad50 ConcurrentGCThread "G1 Main Marker" [stack: 0x0000006df8800000,0x0000006df8900000] [id=31364]
  0x000001ba8353d360 ConcurrentGCThread "G1 Conc#0" [stack: 0x0000006df8900000,0x0000006df8a00000] [id=32960]
  0x000001bada6cff70 ConcurrentGCThread "G1 Conc#1" [stack: 0x0000006dfa100000,0x0000006dfa200000] [id=19032]
  0x000001bada6cf730 ConcurrentGCThread "G1 Conc#2" [stack: 0x0000006dfa200000,0x0000006dfa300000] [id=27772]
  0x000001ba945f4010 ConcurrentGCThread "G1 Refine#0" [stack: 0x0000006df8a00000,0x0000006df8b00000] [id=23440]
  0x000001badc99ab20 ConcurrentGCThread "G1 Refine#1" [stack: 0x0000006dfb000000,0x0000006dfb100000] [id=12540]
  0x000001badcb4e510 ConcurrentGCThread "G1 Refine#2" [stack: 0x0000006df9500000,0x0000006df9600000] [id=19612]
  0x000001badcb4df30 ConcurrentGCThread "G1 Refine#3" [stack: 0x0000006df9a00000,0x0000006df9b00000] [id=21860]
  0x000001ba945f46f0 ConcurrentGCThread "G1 Service" [stack: 0x0000006df8b00000,0x0000006df8c00000] [id=22940]

Threads with active compile tasks:

VM state: at safepoint (normal execution)

VM Mutex/Monitor currently owned by a thread:  ([mutex/lock_event])
[0x000001ba834d6510] Threads_lock - owner thread: 0x000001ba94738cc0
[0x000001ba834d5280] Heap_lock - owner thread: 0x000001badba34d30

Heap address: 0x00000000a2400000, size: 1500 MB, Compressed Oops mode: 32-bit

CDS archive(s) mapped at: [0x000001ba95000000-0x000001ba95bd0000-0x000001ba95bd0000), size 12386304, SharedBaseAddress: 0x000001ba95000000, ArchiveRelocationMode: 1.
Compressed class space mapped at: 0x000001ba96000000-0x000001bad6000000, reserved size: 1073741824
Narrow klass base: 0x000001ba95000000, Narrow klass shift: 0, Narrow klass range: 0x100000000

GC Precious Log:
 CPUs: 16 total, 16 available
 Memory: 5996M
 Large Page Support: Disabled
 NUMA Support: Disabled
 Compressed Oops: Enabled (32-bit)
 Heap Region Size: 1M
 Heap Min Capacity: 8M
 Heap Initial Capacity: 94M
 Heap Max Capacity: 1500M
 Pre-touch: Disabled
 Parallel Workers: 13
 Concurrent Workers: 3
 Concurrent Refinement Workers: 13
 Periodic GC: Disabled

Heap:
 garbage-first heap   total 163840K, used 46684K [0x00000000a2400000, 0x0000000100000000)
  region size 1024K, 1 young (1024K), 1 survivors (1024K)
 Metaspace       used 75809K, committed 76416K, reserved 1114112K
  class space    used 11315K, committed 11584K, reserved 1048576K

Heap Regions: E=young(eden), S=young(survivor), O=old, HS=humongous(starts), HC=humongous(continues), CS=collection set, F=free, OA=open archive, CA=closed archive, TAMS=top-at-mark-start (previous, next)
|   0|0x00000000a2400000, 0x00000000a2500000, 0x00000000a2500000|100%|HS|  |TAMS 0x00000000a2500000, 0x00000000a2400000| Complete 
|   1|0x00000000a2500000, 0x00000000a2600000, 0x00000000a2600000|100%| O|  |TAMS 0x00000000a2600000, 0x00000000a2500000| Untracked 
|   2|0x00000000a2600000, 0x00000000a2700000, 0x00000000a2700000|100%| O|  |TAMS 0x00000000a2700000, 0x00000000a2600000| Untracked 
|   3|0x00000000a2700000, 0x00000000a2800000, 0x00000000a2800000|100%| O|  |TAMS 0x00000000a2800000, 0x00000000a2700000| Untracked 
|   4|0x00000000a2800000, 0x00000000a2900000, 0x00000000a2900000|100%| O|  |TAMS 0x00000000a2900000, 0x00000000a2800000| Untracked 
|   5|0x00000000a2900000, 0x00000000a2a00000, 0x00000000a2a00000|100%| O|  |TAMS 0x00000000a2a00000, 0x00000000a2900000| Untracked 
|   6|0x00000000a2a00000, 0x00000000a2b00000, 0x00000000a2b00000|100%| O|  |TAMS 0x00000000a2b00000, 0x00000000a2a00000| Untracked 
|   7|0x00000000a2b00000, 0x00000000a2c00000, 0x00000000a2c00000|100%| O|  |TAMS 0x00000000a2c00000, 0x00000000a2b00000| Untracked 
|   8|0x00000000a2c00000, 0x00000000a2d00000, 0x00000000a2d00000|100%| O|  |TAMS 0x00000000a2d00000, 0x00000000a2c00000| Untracked 
|   9|0x00000000a2d00000, 0x00000000a2e00000, 0x00000000a2e00000|100%| O|  |TAMS 0x00000000a2e00000, 0x00000000a2d00000| Complete 
|  10|0x00000000a2e00000, 0x00000000a2f00000, 0x00000000a2f00000|100%| O|  |TAMS 0x00000000a2f00000, 0x00000000a2e00000| Untracked 
|  11|0x00000000a2f00000, 0x00000000a3000000, 0x00000000a3000000|100%| O|  |TAMS 0x00000000a3000000, 0x00000000a2f00000| Untracked 
|  12|0x00000000a3000000, 0x00000000a3100000, 0x00000000a3100000|100%| O|  |TAMS 0x00000000a3100000, 0x00000000a3000000| Untracked 
|  13|0x00000000a3100000, 0x00000000a3200000, 0x00000000a3200000|100%| O|  |TAMS 0x00000000a3200000, 0x00000000a3100000| Untracked 
|  14|0x00000000a3200000, 0x00000000a3300000, 0x00000000a3300000|100%| O|  |TAMS 0x00000000a3300000, 0x00000000a3200000| Untracked 
|  15|0x00000000a3300000, 0x00000000a3400000, 0x00000000a3400000|100%| O|  |TAMS 0x00000000a3400000, 0x00000000a3300000| Untracked 
|  16|0x00000000a3400000, 0x00000000a3500000, 0x00000000a3500000|100%| O|  |TAMS 0x00000000a3500000, 0x00000000a3400000| Untracked 
|  17|0x00000000a3500000, 0x00000000a3600000, 0x00000000a3600000|100%| O|  |TAMS 0x00000000a3600000, 0x00000000a3500000| Untracked 
|  18|0x00000000a3600000, 0x00000000a3700000, 0x00000000a3700000|100%| O|  |TAMS 0x00000000a3700000, 0x00000000a3600000| Untracked 
|  19|0x00000000a3700000, 0x00000000a3800000, 0x00000000a3800000|100%| O|  |TAMS 0x00000000a3800000, 0x00000000a3700000| Untracked 
|  20|0x00000000a3800000, 0x00000000a3900000, 0x00000000a3900000|100%| O|  |TAMS 0x00000000a3900000, 0x00000000a3800000| Untracked 
|  21|0x00000000a3900000, 0x00000000a3a00000, 0x00000000a3a00000|100%| O|  |TAMS 0x00000000a3a00000, 0x00000000a3900000| Untracked 
|  22|0x00000000a3a00000, 0x00000000a3b00000, 0x00000000a3b00000|100%| O|  |TAMS 0x00000000a3b00000, 0x00000000a3a00000| Untracked 
|  23|0x00000000a3b00000, 0x00000000a3c00000, 0x00000000a3c00000|100%| O|  |TAMS 0x00000000a3c00000, 0x00000000a3b00000| Untracked 
|  24|0x00000000a3c00000, 0x00000000a3c00000, 0x00000000a3d00000|  0%| F|  |TAMS 0x00000000a3c00000, 0x00000000a3c00000| Untracked 
|  25|0x00000000a3d00000, 0x00000000a3e00000, 0x00000000a3e00000|100%| O|  |TAMS 0x00000000a3e00000, 0x00000000a3d00000| Untracked 
|  26|0x00000000a3e00000, 0x00000000a3f00000, 0x00000000a3f00000|100%| O|  |TAMS 0x00000000a3f00000, 0x00000000a3e00000| Untracked 
|  27|0x00000000a3f00000, 0x00000000a4000000, 0x00000000a4000000|100%| O|  |TAMS 0x00000000a4000000, 0x00000000a3f00000| Untracked 
|  28|0x00000000a4000000, 0x00000000a4100000, 0x00000000a4100000|100%| O|  |TAMS 0x00000000a4100000, 0x00000000a4000000| Untracked 
|  29|0x00000000a4100000, 0x00000000a4200000, 0x00000000a4200000|100%| O|  |TAMS 0x00000000a4200000, 0x00000000a4100000| Untracked 
|  30|0x00000000a4200000, 0x00000000a4300000, 0x00000000a4300000|100%| O|  |TAMS 0x00000000a4300000, 0x00000000a4200000| Untracked 
|  31|0x00000000a4300000, 0x00000000a4400000, 0x00000000a4400000|100%| O|  |TAMS 0x00000000a4400000, 0x00000000a4300000| Untracked 
|  32|0x00000000a4400000, 0x00000000a4500000, 0x00000000a4500000|100%| O|  |TAMS 0x00000000a4500000, 0x00000000a4400000| Untracked 
|  33|0x00000000a4500000, 0x00000000a4600000, 0x00000000a4600000|100%| O|  |TAMS 0x00000000a4600000, 0x00000000a4500000| Untracked 
|  34|0x00000000a4600000, 0x00000000a4700000, 0x00000000a4700000|100%| O|  |TAMS 0x00000000a4700000, 0x00000000a4600000| Untracked 
|  35|0x00000000a4700000, 0x00000000a4800000, 0x00000000a4800000|100%| O|  |TAMS 0x00000000a4800000, 0x00000000a4700000| Untracked 
|  36|0x00000000a4800000, 0x00000000a4900000, 0x00000000a4900000|100%| O|  |TAMS 0x00000000a4900000, 0x00000000a4800000| Untracked 
|  37|0x00000000a4900000, 0x00000000a4a00000, 0x00000000a4a00000|100%| O|  |TAMS 0x00000000a4a00000, 0x00000000a4900000| Untracked 
|  38|0x00000000a4a00000, 0x00000000a4b00000, 0x00000000a4b00000|100%| O|  |TAMS 0x00000000a4b00000, 0x00000000a4a00000| Untracked 
|  39|0x00000000a4b00000, 0x00000000a4c00000, 0x00000000a4c00000|100%| O|  |TAMS 0x00000000a4c00000, 0x00000000a4b00000| Untracked 
|  40|0x00000000a4c00000, 0x00000000a4d00000, 0x00000000a4d00000|100%| O|  |TAMS 0x00000000a4d00000, 0x00000000a4c00000| Untracked 
|  41|0x00000000a4d00000, 0x00000000a4e00000, 0x00000000a4e00000|100%| O|  |TAMS 0x00000000a4e00000, 0x00000000a4d00000| Untracked 
|  42|0x00000000a4e00000, 0x00000000a4f00000, 0x00000000a4f00000|100%| O|  |TAMS 0x00000000a4f00000, 0x00000000a4e00000| Untracked 
|  43|0x00000000a4f00000, 0x00000000a4f73400, 0x00000000a5000000| 45%| O|  |TAMS 0x00000000a4f00000, 0x00000000a4f00000| Untracked 
|  44|0x00000000a5000000, 0x00000000a5000000, 0x00000000a5100000|  0%| F|  |TAMS 0x00000000a5000000, 0x00000000a5000000| Untracked 
|  45|0x00000000a5100000, 0x00000000a5100000, 0x00000000a5200000|  0%| F|  |TAMS 0x00000000a5100000, 0x00000000a5100000| Untracked 
|  46|0x00000000a5200000, 0x00000000a5300000, 0x00000000a5300000|100%| O|  |TAMS 0x00000000a5300000, 0x00000000a5200000| Complete 
|  47|0x00000000a5300000, 0x00000000a5300000, 0x00000000a5400000|  0%| F|  |TAMS 0x00000000a5300000, 0x00000000a5300000| Untracked 
|  48|0x00000000a5400000, 0x00000000a5500000, 0x00000000a5500000|100%| O|  |TAMS 0x00000000a5500000, 0x00000000a5400000| Untracked 
|  49|0x00000000a5500000, 0x00000000a5500000, 0x00000000a5600000|  0%| F|  |TAMS 0x00000000a5500000, 0x00000000a5500000| Untracked 
|  50|0x00000000a5600000, 0x00000000a5700000, 0x00000000a5700000|100%| O|  |TAMS 0x00000000a5700000, 0x00000000a5600000| Untracked 
|  51|0x00000000a5700000, 0x00000000a5700000, 0x00000000a5800000|  0%| F|  |TAMS 0x00000000a5700000, 0x00000000a5700000| Untracked 
|  52|0x00000000a5800000, 0x00000000a5800000, 0x00000000a5900000|  0%| F|  |TAMS 0x00000000a5800000, 0x00000000a5800000| Untracked 
|  53|0x00000000a5900000, 0x00000000a5900000, 0x00000000a5a00000|  0%| F|  |TAMS 0x00000000a5900000, 0x00000000a5900000| Untracked 
|  54|0x00000000a5a00000, 0x00000000a5a00000, 0x00000000a5b00000|  0%| F|  |TAMS 0x00000000a5a00000, 0x00000000a5a00000| Untracked 
|  55|0x00000000a5b00000, 0x00000000a5b00000, 0x00000000a5c00000|  0%| F|  |TAMS 0x00000000a5b00000, 0x00000000a5b00000| Untracked 
|  56|0x00000000a5c00000, 0x00000000a5c00000, 0x00000000a5d00000|  0%| F|  |TAMS 0x00000000a5c00000, 0x00000000a5c00000| Untracked 
|  57|0x00000000a5d00000, 0x00000000a5d00000, 0x00000000a5e00000|  0%| F|  |TAMS 0x00000000a5d00000, 0x00000000a5d00000| Untracked 
|  58|0x00000000a5e00000, 0x00000000a5e00000, 0x00000000a5f00000|  0%| F|  |TAMS 0x00000000a5e00000, 0x00000000a5e00000| Untracked 
|  59|0x00000000a5f00000, 0x00000000a5f00000, 0x00000000a6000000|  0%| F|  |TAMS 0x00000000a5f00000, 0x00000000a5f00000| Untracked 
|  60|0x00000000a6000000, 0x00000000a6000000, 0x00000000a6100000|  0%| F|  |TAMS 0x00000000a6000000, 0x00000000a6000000| Untracked 
|  61|0x00000000a6100000, 0x00000000a6100000, 0x00000000a6200000|  0%| F|  |TAMS 0x00000000a6100000, 0x00000000a6100000| Untracked 
|  62|0x00000000a6200000, 0x00000000a6200000, 0x00000000a6300000|  0%| F|  |TAMS 0x00000000a6200000, 0x00000000a6200000| Untracked 
|  63|0x00000000a6300000, 0x00000000a6300000, 0x00000000a6400000|  0%| F|  |TAMS 0x00000000a6300000, 0x00000000a6300000| Untracked 
|  64|0x00000000a6400000, 0x00000000a6400000, 0x00000000a6500000|  0%| F|  |TAMS 0x00000000a6400000, 0x00000000a6400000| Untracked 
|  65|0x00000000a6500000, 0x00000000a6500000, 0x00000000a6600000|  0%| F|  |TAMS 0x00000000a6500000, 0x00000000a6500000| Untracked 
|  66|0x00000000a6600000, 0x00000000a6600000, 0x00000000a6700000|  0%| F|  |TAMS 0x00000000a6600000, 0x00000000a6600000| Untracked 
|  67|0x00000000a6700000, 0x00000000a6700000, 0x00000000a6800000|  0%| F|  |TAMS 0x00000000a6700000, 0x00000000a6700000| Untracked 
|  68|0x00000000a6800000, 0x00000000a6800000, 0x00000000a6900000|  0%| F|  |TAMS 0x00000000a6800000, 0x00000000a6800000| Untracked 
|  69|0x00000000a6900000, 0x00000000a6900000, 0x00000000a6a00000|  0%| F|  |TAMS 0x00000000a6900000, 0x00000000a6900000| Untracked 
|  70|0x00000000a6a00000, 0x00000000a6a00000, 0x00000000a6b00000|  0%| F|  |TAMS 0x00000000a6a00000, 0x00000000a6a00000| Untracked 
|  71|0x00000000a6b00000, 0x00000000a6b00000, 0x00000000a6c00000|  0%| F|  |TAMS 0x00000000a6b00000, 0x00000000a6b00000| Untracked 
|  72|0x00000000a6c00000, 0x00000000a6c00000, 0x00000000a6d00000|  0%| F|  |TAMS 0x00000000a6c00000, 0x00000000a6c00000| Untracked 
|  73|0x00000000a6d00000, 0x00000000a6d00000, 0x00000000a6e00000|  0%| F|  |TAMS 0x00000000a6d00000, 0x00000000a6d00000| Untracked 
|  74|0x00000000a6e00000, 0x00000000a6e00000, 0x00000000a6f00000|  0%| F|  |TAMS 0x00000000a6e00000, 0x00000000a6e00000| Untracked 
|  75|0x00000000a6f00000, 0x00000000a6f00000, 0x00000000a7000000|  0%| F|  |TAMS 0x00000000a6f00000, 0x00000000a6f00000| Untracked 
|  76|0x00000000a7000000, 0x00000000a7000000, 0x00000000a7100000|  0%| F|  |TAMS 0x00000000a7000000, 0x00000000a7000000| Untracked 
|  77|0x00000000a7100000, 0x00000000a7100000, 0x00000000a7200000|  0%| F|  |TAMS 0x00000000a7100000, 0x00000000a7100000| Untracked 
|  78|0x00000000a7200000, 0x00000000a7200000, 0x00000000a7300000|  0%| F|  |TAMS 0x00000000a7200000, 0x00000000a7200000| Untracked 
|  79|0x00000000a7300000, 0x00000000a7300000, 0x00000000a7400000|  0%| F|  |TAMS 0x00000000a7300000, 0x00000000a7300000| Untracked 
|  80|0x00000000a7400000, 0x00000000a7400000, 0x00000000a7500000|  0%| F|  |TAMS 0x00000000a7400000, 0x00000000a7400000| Untracked 
|  81|0x00000000a7500000, 0x00000000a7500000, 0x00000000a7600000|  0%| F|  |TAMS 0x00000000a7500000, 0x00000000a7500000| Untracked 
|  82|0x00000000a7600000, 0x00000000a7600000, 0x00000000a7700000|  0%| F|  |TAMS 0x00000000a7600000, 0x00000000a7600000| Untracked 
|  83|0x00000000a7700000, 0x00000000a7700000, 0x00000000a7800000|  0%| F|  |TAMS 0x00000000a7700000, 0x00000000a7700000| Untracked 
|  84|0x00000000a7800000, 0x00000000a7800000, 0x00000000a7900000|  0%| F|  |TAMS 0x00000000a7800000, 0x00000000a7800000| Untracked 
|  85|0x00000000a7900000, 0x00000000a7900000, 0x00000000a7a00000|  0%| F|  |TAMS 0x00000000a7900000, 0x00000000a7900000| Untracked 
|  86|0x00000000a7a00000, 0x00000000a7a00000, 0x00000000a7b00000|  0%| F|  |TAMS 0x00000000a7a00000, 0x00000000a7a00000| Untracked 
|  87|0x00000000a7b00000, 0x00000000a7b00000, 0x00000000a7c00000|  0%| F|  |TAMS 0x00000000a7b00000, 0x00000000a7b00000| Untracked 
|  88|0x00000000a7c00000, 0x00000000a7c00000, 0x00000000a7d00000|  0%| F|  |TAMS 0x00000000a7c00000, 0x00000000a7c00000| Untracked 
|  89|0x00000000a7d00000, 0x00000000a7d00000, 0x00000000a7e00000|  0%| F|  |TAMS 0x00000000a7d00000, 0x00000000a7d00000| Untracked 
|  90|0x00000000a7e00000, 0x00000000a7e00000, 0x00000000a7f00000|  0%| F|  |TAMS 0x00000000a7e00000, 0x00000000a7e00000| Untracked 
|  91|0x00000000a7f00000, 0x00000000a7f00000, 0x00000000a8000000|  0%| F|  |TAMS 0x00000000a7f00000, 0x00000000a7f00000| Untracked 
|  92|0x00000000a8000000, 0x00000000a8000000, 0x00000000a8100000|  0%| F|  |TAMS 0x00000000a8000000, 0x00000000a8000000| Untracked 
|  93|0x00000000a8100000, 0x00000000a8100000, 0x00000000a8200000|  0%| F|  |TAMS 0x00000000a8100000, 0x00000000a8100000| Untracked 
|  94|0x00000000a8200000, 0x00000000a8200000, 0x00000000a8300000|  0%| F|  |TAMS 0x00000000a8200000, 0x00000000a8200000| Untracked 
|  95|0x00000000a8300000, 0x00000000a8300000, 0x00000000a8400000|  0%| F|  |TAMS 0x00000000a8300000, 0x00000000a8300000| Untracked 
|  96|0x00000000a8400000, 0x00000000a8400000, 0x00000000a8500000|  0%| F|  |TAMS 0x00000000a8400000, 0x00000000a8400000| Untracked 
|  97|0x00000000a8500000, 0x00000000a8500000, 0x00000000a8600000|  0%| F|  |TAMS 0x00000000a8500000, 0x00000000a8500000| Untracked 
|  98|0x00000000a8600000, 0x00000000a8600000, 0x00000000a8700000|  0%| F|  |TAMS 0x00000000a8600000, 0x00000000a8600000| Untracked 
|  99|0x00000000a8700000, 0x00000000a8700000, 0x00000000a8800000|  0%| F|  |TAMS 0x00000000a8700000, 0x00000000a8700000| Untracked 
| 100|0x00000000a8800000, 0x00000000a8800000, 0x00000000a8900000|  0%| F|  |TAMS 0x00000000a8800000, 0x00000000a8800000| Untracked 
| 101|0x00000000a8900000, 0x00000000a8900000, 0x00000000a8a00000|  0%| F|  |TAMS 0x00000000a8900000, 0x00000000a8900000| Untracked 
| 102|0x00000000a8a00000, 0x00000000a8a00000, 0x00000000a8b00000|  0%| F|  |TAMS 0x00000000a8a00000, 0x00000000a8a00000| Untracked 
| 103|0x00000000a8b00000, 0x00000000a8b00000, 0x00000000a8c00000|  0%| F|  |TAMS 0x00000000a8b00000, 0x00000000a8b00000| Untracked 
| 104|0x00000000a8c00000, 0x00000000a8c00000, 0x00000000a8d00000|  0%| F|  |TAMS 0x00000000a8c00000, 0x00000000a8c00000| Untracked 
| 105|0x00000000a8d00000, 0x00000000a8d00000, 0x00000000a8e00000|  0%| F|  |TAMS 0x00000000a8d00000, 0x00000000a8d00000| Untracked 
| 106|0x00000000a8e00000, 0x00000000a8e00000, 0x00000000a8f00000|  0%| F|  |TAMS 0x00000000a8e00000, 0x00000000a8e00000| Untracked 
| 107|0x00000000a8f00000, 0x00000000a8f00000, 0x00000000a9000000|  0%| F|  |TAMS 0x00000000a8f00000, 0x00000000a8f00000| Untracked 
| 108|0x00000000a9000000, 0x00000000a9000000, 0x00000000a9100000|  0%| F|  |TAMS 0x00000000a9000000, 0x00000000a9000000| Untracked 
| 109|0x00000000a9100000, 0x00000000a9100000, 0x00000000a9200000|  0%| F|  |TAMS 0x00000000a9100000, 0x00000000a9100000| Untracked 
| 110|0x00000000a9200000, 0x00000000a9200000, 0x00000000a9300000|  0%| F|  |TAMS 0x00000000a9200000, 0x00000000a9200000| Untracked 
| 111|0x00000000a9300000, 0x00000000a9300000, 0x00000000a9400000|  0%| F|  |TAMS 0x00000000a9300000, 0x00000000a9300000| Untracked 
| 112|0x00000000a9400000, 0x00000000a9400000, 0x00000000a9500000|  0%| F|  |TAMS 0x00000000a9400000, 0x00000000a9400000| Untracked 
| 113|0x00000000a9500000, 0x00000000a9500000, 0x00000000a9600000|  0%| F|  |TAMS 0x00000000a9500000, 0x00000000a9500000| Untracked 
| 114|0x00000000a9600000, 0x00000000a9600000, 0x00000000a9700000|  0%| F|  |TAMS 0x00000000a9600000, 0x00000000a9600000| Untracked 
| 115|0x00000000a9700000, 0x00000000a9700000, 0x00000000a9800000|  0%| F|  |TAMS 0x00000000a9700000, 0x00000000a9700000| Untracked 
| 116|0x00000000a9800000, 0x00000000a9800000, 0x00000000a9900000|  0%| F|  |TAMS 0x00000000a9800000, 0x00000000a9800000| Untracked 
| 117|0x00000000a9900000, 0x00000000a9900000, 0x00000000a9a00000|  0%| F|  |TAMS 0x00000000a9900000, 0x00000000a9900000| Untracked 
| 118|0x00000000a9a00000, 0x00000000a9a00000, 0x00000000a9b00000|  0%| F|  |TAMS 0x00000000a9a00000, 0x00000000a9a00000| Untracked 
| 119|0x00000000a9b00000, 0x00000000a9b00000, 0x00000000a9c00000|  0%| F|  |TAMS 0x00000000a9b00000, 0x00000000a9b00000| Untracked 
| 120|0x00000000a9c00000, 0x00000000a9c00000, 0x00000000a9d00000|  0%| F|  |TAMS 0x00000000a9c00000, 0x00000000a9c00000| Untracked 
| 121|0x00000000a9d00000, 0x00000000a9d00000, 0x00000000a9e00000|  0%| F|  |TAMS 0x00000000a9d00000, 0x00000000a9d00000| Untracked 
| 122|0x00000000a9e00000, 0x00000000a9e00000, 0x00000000a9f00000|  0%| F|  |TAMS 0x00000000a9e00000, 0x00000000a9e00000| Untracked 
| 123|0x00000000a9f00000, 0x00000000a9f00000, 0x00000000aa000000|  0%| F|  |TAMS 0x00000000a9f00000, 0x00000000a9f00000| Untracked 
| 124|0x00000000aa000000, 0x00000000aa000000, 0x00000000aa100000|  0%| F|  |TAMS 0x00000000aa000000, 0x00000000aa000000| Untracked 
| 125|0x00000000aa100000, 0x00000000aa100000, 0x00000000aa200000|  0%| F|  |TAMS 0x00000000aa100000, 0x00000000aa100000| Untracked 
| 126|0x00000000aa200000, 0x00000000aa200000, 0x00000000aa300000|  0%| F|  |TAMS 0x00000000aa200000, 0x00000000aa200000| Untracked 
| 127|0x00000000aa300000, 0x00000000aa300000, 0x00000000aa400000|  0%| F|  |TAMS 0x00000000aa300000, 0x00000000aa300000| Untracked 
| 128|0x00000000aa400000, 0x00000000aa400000, 0x00000000aa500000|  0%| F|  |TAMS 0x00000000aa400000, 0x00000000aa400000| Untracked 
| 129|0x00000000aa500000, 0x00000000aa500000, 0x00000000aa600000|  0%| F|  |TAMS 0x00000000aa500000, 0x00000000aa500000| Untracked 
| 130|0x00000000aa600000, 0x00000000aa600000, 0x00000000aa700000|  0%| F|  |TAMS 0x00000000aa600000, 0x00000000aa600000| Untracked 
| 131|0x00000000aa700000, 0x00000000aa700000, 0x00000000aa800000|  0%| F|  |TAMS 0x00000000aa700000, 0x00000000aa700000| Untracked 
| 132|0x00000000aa800000, 0x00000000aa800000, 0x00000000aa900000|  0%| F|  |TAMS 0x00000000aa800000, 0x00000000aa800000| Untracked 
| 133|0x00000000aa900000, 0x00000000aa900000, 0x00000000aaa00000|  0%| F|  |TAMS 0x00000000aa900000, 0x00000000aa900000| Untracked 
| 134|0x00000000aaa00000, 0x00000000aaa00000, 0x00000000aab00000|  0%| F|  |TAMS 0x00000000aaa00000, 0x00000000aaa00000| Untracked 
| 135|0x00000000aab00000, 0x00000000aab00000, 0x00000000aac00000|  0%| F|  |TAMS 0x00000000aab00000, 0x00000000aab00000| Untracked 
| 136|0x00000000aac00000, 0x00000000aac00000, 0x00000000aad00000|  0%| F|  |TAMS 0x00000000aac00000, 0x00000000aac00000| Untracked 
| 137|0x00000000aad00000, 0x00000000aad00000, 0x00000000aae00000|  0%| F|  |TAMS 0x00000000aad00000, 0x00000000aad00000| Untracked 
| 138|0x00000000aae00000, 0x00000000aae00000, 0x00000000aaf00000|  0%| F|  |TAMS 0x00000000aae00000, 0x00000000aae00000| Untracked 
| 139|0x00000000aaf00000, 0x00000000aaf00000, 0x00000000ab000000|  0%| F|  |TAMS 0x00000000aaf00000, 0x00000000aaf00000| Untracked 
| 140|0x00000000ab000000, 0x00000000ab000000, 0x00000000ab100000|  0%| F|  |TAMS 0x00000000ab000000, 0x00000000ab000000| Untracked 
| 141|0x00000000ab100000, 0x00000000ab100000, 0x00000000ab200000|  0%| F|  |TAMS 0x00000000ab100000, 0x00000000ab100000| Untracked 
| 142|0x00000000ab200000, 0x00000000ab200000, 0x00000000ab300000|  0%| F|  |TAMS 0x00000000ab200000, 0x00000000ab200000| Untracked 
| 143|0x00000000ab300000, 0x00000000ab300000, 0x00000000ab400000|  0%| F|  |TAMS 0x00000000ab300000, 0x00000000ab300000| Untracked 
| 144|0x00000000ab400000, 0x00000000ab400000, 0x00000000ab500000|  0%| F|  |TAMS 0x00000000ab400000, 0x00000000ab400000| Untracked 
| 145|0x00000000ab500000, 0x00000000ab500000, 0x00000000ab600000|  0%| F|  |TAMS 0x00000000ab500000, 0x00000000ab500000| Untracked 
| 146|0x00000000ab600000, 0x00000000ab600000, 0x00000000ab700000|  0%| F|  |TAMS 0x00000000ab600000, 0x00000000ab600000| Untracked 
| 147|0x00000000ab700000, 0x00000000ab700000, 0x00000000ab800000|  0%| F|  |TAMS 0x00000000ab700000, 0x00000000ab700000| Untracked 
| 148|0x00000000ab800000, 0x00000000ab800000, 0x00000000ab900000|  0%| F|  |TAMS 0x00000000ab800000, 0x00000000ab800000| Untracked 
| 149|0x00000000ab900000, 0x00000000ab900000, 0x00000000aba00000|  0%| F|  |TAMS 0x00000000ab900000, 0x00000000ab900000| Untracked 
| 150|0x00000000aba00000, 0x00000000aba00000, 0x00000000abb00000|  0%| F|  |TAMS 0x00000000aba00000, 0x00000000aba00000| Untracked 
| 151|0x00000000abb00000, 0x00000000abb00000, 0x00000000abc00000|  0%| F|  |TAMS 0x00000000abb00000, 0x00000000abb00000| Untracked 
| 152|0x00000000abc00000, 0x00000000abc23c48, 0x00000000abd00000| 13%| S|CS|TAMS 0x00000000abc00000, 0x00000000abc00000| Complete 
| 153|0x00000000abd00000, 0x00000000abd00000, 0x00000000abe00000|  0%| F|  |TAMS 0x00000000abd00000, 0x00000000abd00000| Untracked 
| 154|0x00000000abe00000, 0x00000000abe00000, 0x00000000abf00000|  0%| F|  |TAMS 0x00000000abe00000, 0x00000000abe00000| Untracked 
| 155|0x00000000abf00000, 0x00000000abf00000, 0x00000000ac000000|  0%| F|  |TAMS 0x00000000abf00000, 0x00000000abf00000| Untracked 
| 156|0x00000000ac000000, 0x00000000ac000000, 0x00000000ac100000|  0%| F|  |TAMS 0x00000000ac000000, 0x00000000ac000000| Untracked 
| 157|0x00000000ac100000, 0x00000000ac100000, 0x00000000ac200000|  0%| F|  |TAMS 0x00000000ac100000, 0x00000000ac100000| Untracked 
| 176|0x00000000ad400000, 0x00000000ad400000, 0x00000000ad500000|  0%| F|  |TAMS 0x00000000ad400000, 0x00000000ad400000| Untracked 
| 185|0x00000000add00000, 0x00000000add00000, 0x00000000ade00000|  0%| F|  |TAMS 0x00000000add00000, 0x00000000add00000| Untracked 

Card table byte_map: [0x000001ba8e6c0000,0x000001ba8e9b0000] _byte_map_base: 0x000001ba8e1ae000

Marking Bits (Prev, Next): (CMBitMap*) 0x000001ba8352e8a0, (CMBitMap*) 0x000001ba8352e8e0
 Prev Bits: [0x000001ba8eca0000, 0x000001ba90410000)
 Next Bits: [0x000001ba90410000, 0x000001ba91b80000)

Polling page: 0x000001ba81400000

Metaspace:

Usage:
  Non-class:     62.98 MB used.
      Class:     11.05 MB used.
       Both:     74.03 MB used.

Virtual space:
  Non-class space:       64.00 MB reserved,      63.31 MB ( 99%) committed,  1 nodes.
      Class space:        1.00 GB reserved,      11.31 MB (  1%) committed,  1 nodes.
             Both:        1.06 GB reserved,      74.62 MB (  7%) committed. 

Chunk freelists:
   Non-Class:  707.00 KB
       Class:  4.65 MB
        Both:  5.34 MB

MaxMetaspaceSize: unlimited
CompressedClassSpaceSize: 1.00 GB
Initial GC threshold: 21.00 MB
Current GC threshold: 124.38 MB
CDS: on
MetaspaceReclaimPolicy: balanced
 - commit_granule_bytes: 65536.
 - commit_granule_words: 8192.
 - virtual_space_node_default_size: 8388608.
 - enlarge_chunks_in_place: 1.
 - new_chunks_are_fully_committed: 0.
 - uncommit_free_chunks: 1.
 - use_allocation_guard: 0.
 - handle_deallocations: 1.


Internal statistics:

num_allocs_failed_limit: 9.
num_arena_births: 1112.
num_arena_deaths: 342.
num_vsnodes_births: 2.
num_vsnodes_deaths: 0.
num_space_committed: 1194.
num_space_uncommitted: 0.
num_chunks_returned_to_freelist: 405.
num_chunks_taken_from_freelist: 4337.
num_chunk_merges: 128.
num_chunk_splits: 2893.
num_chunks_enlarged: 2146.
num_inconsistent_stats: 0.

CodeCache: size=49152Kb used=18914Kb max_used=20417Kb free=30237Kb
 bounds [0x000001ba8ad60000, 0x000001ba8c180000, 0x000001ba8dd60000]
 total_blobs=12105 nmethods=11428 adapters=602
 compilation: enabled
              stopped_count=0, restarted_count=0
 full_count=0

Compilation events (20 events):
Event: 2826.848 Thread 0x000001badcf8daa0 11626   !   1       jdk.internal.reflect.GeneratedMethodAccessor57::invoke (61 bytes)
Event: 2826.850 Thread 0x000001badd1fc5b0 11627   !   1       jdk.internal.reflect.GeneratedMethodAccessor58::invoke (61 bytes)
Event: 2826.851 Thread 0x000001badcf8daa0 nmethod 11626 0x000001ba8bf66510 code [0x000001ba8bf66700, 0x000001ba8bf66af8]
Event: 2826.851 Thread 0x000001badd1fc5b0 nmethod 11627 0x000001ba8c0ef290 code [0x000001ba8c0ef480, 0x000001ba8c0ef878]
Event: 2826.961 Thread 0x000001badd1fc5b0 11628       1       com.estore.customer.controller.ProductController$$Lambda$1847/0x000001ba96aed000::apply (14 bytes)
Event: 2826.963 Thread 0x000001badd1fc5b0 nmethod 11628 0x000001ba8c0eee90 code [0x000001ba8c0ef040, 0x000001ba8c0ef1a8]
Event: 2826.963 Thread 0x000001badd1fc5b0 11629       1       com.fasterxml.jackson.databind.SerializerProvider::<init> (122 bytes)
Event: 2826.964 Thread 0x000001ba9476e3e0 11630       1       com.fasterxml.jackson.core.JsonStreamContext::<init> (5 bytes)
Event: 2826.964 Thread 0x000001ba9476e3e0 nmethod 11630 0x000001ba8bf66210 code [0x000001ba8bf663a0, 0x000001ba8bf66458]
Event: 2826.965 Thread 0x000001ba9476e3e0 11631       1       java.math.BigDecimal$StringBuilderHelper::putIntCompact (197 bytes)
Event: 2826.966 Thread 0x000001ba9476e3e0 nmethod 11631 0x000001ba8c0ee690 code [0x000001ba8c0ee860, 0x000001ba8c0eebd8]
Event: 2826.967 Thread 0x000001ba9476e3e0 11632       1       java.util.IdentityHashMap::clear (39 bytes)
Event: 2826.968 Thread 0x000001ba9476e3e0 nmethod 11632 0x000001ba8c0ee310 code [0x000001ba8c0ee4a0, 0x000001ba8c0ee5d8]
Event: 2826.972 Thread 0x000001badd1fc5b0 nmethod 11629 0x000001ba8c0ed990 code [0x000001ba8c0edb80, 0x000001ba8c0ee1e8]
Event: 2889.974 Thread 0x000001ba9476e3e0 11633       1       org.apache.tomcat.util.threads.ThreadPoolExecutor::isRunning (10 bytes)
Event: 2890.802 Thread 0x000001ba9476e3e0 nmethod 11633 0x000001ba8c0ed690 code [0x000001ba8c0ed820, 0x000001ba8c0ed8d8]
Event: 2892.492 Thread 0x000001ba9476e3e0 11634       1       org.apache.tomcat.util.threads.ThreadPoolExecutor::currentThreadShouldBeStopped (44 bytes)
Event: 2894.402 Thread 0x000001ba9476e3e0 nmethod 11634 0x000001ba8c0ed210 code [0x000001ba8c0ed3a0, 0x000001ba8c0ed578]
Event: 2894.602 Thread 0x000001ba9476e3e0 11635       1       java.util.concurrent.atomic.AtomicLong::longValue (5 bytes)
Event: 2894.603 Thread 0x000001ba9476e3e0 nmethod 11635 0x000001ba8c0ecf10 code [0x000001ba8c0ed0a0, 0x000001ba8c0ed178]

GC Heap History (20 events):
Event: 1796.873 GC heap after
{Heap after GC invocations=49 (full 0):
 garbage-first heap   total 163840K, used 47308K [0x00000000a2400000, 0x0000000100000000)
  region size 1024K, 1 young (1024K), 1 survivors (1024K)
 Metaspace       used 75786K, committed 76416K, reserved 1114112K
  class space    used 11310K, committed 11584K, reserved 1048576K
}
Event: 1952.677 GC heap before
{Heap before GC invocations=49 (full 0):
 garbage-first heap   total 163840K, used 54476K [0x00000000a2400000, 0x0000000100000000)
  region size 1024K, 8 young (8192K), 1 survivors (1024K)
 Metaspace       used 75786K, committed 76416K, reserved 1114112K
  class space    used 11310K, committed 11584K, reserved 1048576K
}
Event: 1958.279 GC heap after
{Heap after GC invocations=50 (full 0):
 garbage-first heap   total 163840K, used 47271K [0x00000000a2400000, 0x0000000100000000)
  region size 1024K, 1 young (1024K), 1 survivors (1024K)
 Metaspace       used 75786K, committed 76416K, reserved 1114112K
  class space    used 11310K, committed 11584K, reserved 1048576K
}
Event: 2178.806 GC heap before
{Heap before GC invocations=50 (full 0):
 garbage-first heap   total 163840K, used 54439K [0x00000000a2400000, 0x0000000100000000)
  region size 1024K, 8 young (8192K), 1 survivors (1024K)
 Metaspace       used 75786K, committed 76416K, reserved 1114112K
  class space    used 11310K, committed 11584K, reserved 1048576K
}
Event: 2195.465 GC heap after
{Heap after GC invocations=51 (full 0):
 garbage-first heap   total 163840K, used 46972K [0x00000000a2400000, 0x0000000100000000)
  region size 1024K, 1 young (1024K), 1 survivors (1024K)
 Metaspace       used 75786K, committed 76416K, reserved 1114112K
  class space    used 11310K, committed 11584K, reserved 1048576K
}
Event: 2405.045 GC heap before
{Heap before GC invocations=51 (full 0):
 garbage-first heap   total 163840K, used 54140K [0x00000000a2400000, 0x0000000100000000)
  region size 1024K, 8 young (8192K), 1 survivors (1024K)
 Metaspace       used 75786K, committed 76416K, reserved 1114112K
  class space    used 11310K, committed 11584K, reserved 1048576K
}
Event: 2405.142 GC heap after
{Heap after GC invocations=52 (full 0):
 garbage-first heap   total 163840K, used 46963K [0x00000000a2400000, 0x0000000100000000)
  region size 1024K, 1 young (1024K), 1 survivors (1024K)
 Metaspace       used 75786K, committed 76416K, reserved 1114112K
  class space    used 11310K, committed 11584K, reserved 1048576K
}
Event: 2613.853 GC heap before
{Heap before GC invocations=53 (full 0):
 garbage-first heap   total 163840K, used 54131K [0x00000000a2400000, 0x0000000100000000)
  region size 1024K, 8 young (8192K), 1 survivors (1024K)
 Metaspace       used 75771K, committed 76416K, reserved 1114112K
  class space    used 11306K, committed 11584K, reserved 1048576K
}
Event: 2621.977 GC heap after
{Heap after GC invocations=54 (full 0):
 garbage-first heap   total 163840K, used 46948K [0x00000000a2400000, 0x0000000100000000)
  region size 1024K, 1 young (1024K), 1 survivors (1024K)
 Metaspace       used 75771K, committed 76416K, reserved 1114112K
  class space    used 11306K, committed 11584K, reserved 1048576K
}
Event: 2724.654 GC heap before
{Heap before GC invocations=54 (full 0):
 garbage-first heap   total 163840K, used 54116K [0x00000000a2400000, 0x0000000100000000)
  region size 1024K, 8 young (8192K), 1 survivors (1024K)
 Metaspace       used 75776K, committed 76416K, reserved 1114112K
  class space    used 11307K, committed 11584K, reserved 1048576K
}
Event: 2724.772 GC heap after
{Heap after GC invocations=55 (full 0):
 garbage-first heap   total 163840K, used 47408K [0x00000000a2400000, 0x0000000100000000)
  region size 1024K, 1 young (1024K), 1 survivors (1024K)
 Metaspace       used 75776K, committed 76416K, reserved 1114112K
  class space    used 11307K, committed 11584K, reserved 1048576K
}
Event: 2739.652 GC heap before
{Heap before GC invocations=55 (full 0):
 garbage-first heap   total 163840K, used 54576K [0x00000000a2400000, 0x0000000100000000)
  region size 1024K, 8 young (8192K), 1 survivors (1024K)
 Metaspace       used 75799K, committed 76416K, reserved 1114112K
  class space    used 11312K, committed 11584K, reserved 1048576K
}
Event: 2739.873 GC heap after
{Heap after GC invocations=56 (full 0):
 garbage-first heap   total 163840K, used 47076K [0x00000000a2400000, 0x0000000100000000)
  region size 1024K, 1 young (1024K), 1 survivors (1024K)
 Metaspace       used 75799K, committed 76416K, reserved 1114112K
  class space    used 11312K, committed 11584K, reserved 1048576K
}
Event: 2826.036 GC heap before
{Heap before GC invocations=56 (full 0):
 garbage-first heap   total 163840K, used 54244K [0x00000000a2400000, 0x0000000100000000)
  region size 1024K, 8 young (8192K), 1 survivors (1024K)
 Metaspace       used 75799K, committed 76416K, reserved 1114112K
  class space    used 11312K, committed 11584K, reserved 1048576K
}
Event: 2826.122 GC heap after
{Heap after GC invocations=57 (full 0):
 garbage-first heap   total 163840K, used 46900K [0x00000000a2400000, 0x0000000100000000)
  region size 1024K, 1 young (1024K), 1 survivors (1024K)
 Metaspace       used 75799K, committed 76416K, reserved 1114112K
  class space    used 11312K, committed 11584K, reserved 1048576K
}
Event: 2964.764 GC heap before
{Heap before GC invocations=57 (full 0):
 garbage-first heap   total 163840K, used 54068K [0x00000000a2400000, 0x0000000100000000)
  region size 1024K, 8 young (8192K), 1 survivors (1024K)
 Metaspace       used 75813K, committed 76416K, reserved 1114112K
  class space    used 11316K, committed 11584K, reserved 1048576K
}
Event: 2977.092 GC heap after
{Heap after GC invocations=58 (full 0):
 garbage-first heap   total 163840K, used 46867K [0x00000000a2400000, 0x0000000100000000)
  region size 1024K, 1 young (1024K), 1 survivors (1024K)
 Metaspace       used 75813K, committed 76416K, reserved 1114112K
  class space    used 11316K, committed 11584K, reserved 1048576K
}
Event: 3192.542 GC heap before
{Heap before GC invocations=59 (full 0):
 garbage-first heap   total 163840K, used 54035K [0x00000000a2400000, 0x0000000100000000)
  region size 1024K, 8 young (8192K), 1 survivors (1024K)
 Metaspace       used 75809K, committed 76416K, reserved 1114112K
  class space    used 11315K, committed 11584K, reserved 1048576K
}
Event: 3200.637 GC heap after
{Heap after GC invocations=60 (full 0):
 garbage-first heap   total 163840K, used 46762K [0x00000000a2400000, 0x0000000100000000)
  region size 1024K, 1 young (1024K), 1 survivors (1024K)
 Metaspace       used 75809K, committed 76416K, reserved 1114112K
  class space    used 11315K, committed 11584K, reserved 1048576K
}
Event: 3411.023 GC heap before
{Heap before GC invocations=60 (full 0):
 garbage-first heap   total 163840K, used 53930K [0x00000000a2400000, 0x0000000100000000)
  region size 1024K, 8 young (8192K), 1 survivors (1024K)
 Metaspace       used 75809K, committed 76416K, reserved 1114112K
  class space    used 11315K, committed 11584K, reserved 1048576K
}

Deoptimization events (12 events):
Event: 1.487 Thread 0x000001bada95ce90 DEOPT PACKING pc=0x000001ba8b32062c sp=0x0000006df9bfd810
Event: 1.487 Thread 0x000001bada95ce90 DEOPT UNPACKING pc=0x000001ba8adb2b43 sp=0x0000006df9bfcd20 mode 0
Event: 23.189 Thread 0x000001badae47240 DEOPT PACKING pc=0x000001ba8b2a8f97 sp=0x0000006df96ff2b0
Event: 23.189 Thread 0x000001badae47240 DEOPT UNPACKING pc=0x000001ba8adb2b43 sp=0x0000006df96fe708 mode 3
Event: 23.189 Thread 0x000001badae47750 DEOPT PACKING pc=0x000001ba8b2bf801 sp=0x0000006dfa5fed60
Event: 23.189 Thread 0x000001badae47750 DEOPT UNPACKING pc=0x000001ba8adb2b43 sp=0x0000006dfa5fe1f8 mode 3
Event: 28.382 Thread 0x000001bada95ce90 DEOPT PACKING pc=0x000001ba8b19ef1a sp=0x0000006df9bfbd50
Event: 28.383 Thread 0x000001bada95ce90 DEOPT UNPACKING pc=0x000001ba8adb2b43 sp=0x0000006df9bfb258 mode 3
Event: 28.663 Thread 0x000001bada95ce90 DEOPT PACKING pc=0x000001ba8b2cbda4 sp=0x0000006df9bfc390
Event: 28.663 Thread 0x000001bada95ce90 DEOPT UNPACKING pc=0x000001ba8adb2b43 sp=0x0000006df9bfb8e8 mode 0
Event: 1111.098 Thread 0x000001badba324b0 DEOPT PACKING pc=0x000001ba8bc4a994 sp=0x0000006dfb5f9ee0
Event: 1111.099 Thread 0x000001badba324b0 DEOPT UNPACKING pc=0x000001ba8adb2b43 sp=0x0000006dfb5f9390 mode 0

Classes unloaded (20 events):
Event: 1372.189 Thread 0x000001ba94738cc0 Unloading class 0x000001ba96114400 'java/lang/invoke/LambdaForm$MH+0x000001ba96114400'
Event: 1372.190 Thread 0x000001ba94738cc0 Unloading class 0x000001ba96114000 'java/lang/invoke/LambdaForm$MH+0x000001ba96114000'
Event: 1372.190 Thread 0x000001ba94738cc0 Unloading class 0x000001ba96039400 'java/lang/invoke/LambdaForm$MH+0x000001ba96039400'
Event: 1372.190 Thread 0x000001ba94738cc0 Unloading class 0x000001ba96039000 'java/lang/invoke/LambdaForm$MH+0x000001ba96039000'
Event: 1372.190 Thread 0x000001ba94738cc0 Unloading class 0x000001ba96038c00 'java/lang/invoke/LambdaForm$MH+0x000001ba96038c00'
Event: 1372.190 Thread 0x000001ba94738cc0 Unloading class 0x000001ba96038800 'java/lang/invoke/LambdaForm$MH+0x000001ba96038800'
Event: 1372.190 Thread 0x000001ba94738cc0 Unloading class 0x000001ba96038400 'java/lang/invoke/LambdaForm$MH+0x000001ba96038400'
Event: 1372.190 Thread 0x000001ba94738cc0 Unloading class 0x000001ba96038000 'java/lang/invoke/LambdaForm$MH+0x000001ba96038000'
Event: 1372.190 Thread 0x000001ba94738cc0 Unloading class 0x000001ba96018800 'java/lang/invoke/LambdaForm$MH+0x000001ba96018800'
Event: 1372.190 Thread 0x000001ba94738cc0 Unloading class 0x000001ba96018400 'java/lang/invoke/LambdaForm$MH+0x000001ba96018400'
Event: 1372.191 Thread 0x000001ba94738cc0 Unloading class 0x000001ba96017c00 'java/lang/invoke/LambdaForm$MH+0x000001ba96017c00'
Event: 1372.191 Thread 0x000001ba94738cc0 Unloading class 0x000001ba96017800 'java/lang/invoke/LambdaForm$MH+0x000001ba96017800'
Event: 2405.553 Thread 0x000001ba94738cc0 Unloading class 0x000001ba96b25400 'java/lang/invoke/LambdaForm$MH+0x000001ba96b25400'
Event: 2405.553 Thread 0x000001ba94738cc0 Unloading class 0x000001ba96b25000 'java/lang/invoke/LambdaForm$MH+0x000001ba96b25000'
Event: 2405.553 Thread 0x000001ba94738cc0 Unloading class 0x000001ba96b24c00 'java/lang/invoke/LambdaForm$MH+0x000001ba96b24c00'
Event: 2405.553 Thread 0x000001ba94738cc0 Unloading class 0x000001ba96b24800 'java/lang/invoke/LambdaForm$MH+0x000001ba96b24800'
Event: 2405.553 Thread 0x000001ba94738cc0 Unloading class 0x000001ba96b24400 'java/lang/invoke/LambdaForm$MH+0x000001ba96b24400'
Event: 2405.554 Thread 0x000001ba94738cc0 Unloading class 0x000001ba96b24000 'java/lang/invoke/LambdaForm$MH+0x000001ba96b24000'
Event: 2405.554 Thread 0x000001ba94738cc0 Unloading class 0x000001ba96b11800 'jdk/internal/reflect/GeneratedConstructorAccessor67'
Event: 2977.510 Thread 0x000001ba94738cc0 Unloading class 0x000001ba96454400 'jdk/internal/reflect/GeneratedConstructorAccessor72'

Classes redefined (0 events):
No events

Internal exceptions (20 events):
Event: 34.320 Thread 0x000001bada95ce90 Exception <a 'java/lang/IncompatibleClassChangeError'{0x00000000a711b840}: Found class java.lang.Object, but interface was expected> (0x00000000a711b840) 
thrown [s\open\src\hotspot\share\interpreter\linkResolver.cpp, line 826]
Event: 35.286 Thread 0x000001bada95ce90 Exception <a 'java/net/BindException'{0x00000000a8122180}: Address already in use: bind> (0x00000000a8122180) 
thrown [s\open\src\hotspot\share\prims\jni.cpp, line 535]
Event: 35.288 Thread 0x000001bada95ce90 Exception <a 'java/net/SocketException'{0x00000000a81227e0}: Socket is not connected: shutdown> (0x00000000a81227e0) 
thrown [s\open\src\hotspot\share\prims\jni.cpp, line 535]
Event: 35.399 Thread 0x000001bada95ce90 Exception <a 'java/lang/NoSuchMethodError'{0x00000000a7fabe80}: 'java.lang.Object java.lang.invoke.DirectMethodHandle$Holder.newInvokeSpecial(java.lang.Object, java.lang.Object, int, java.lang.Object, java.lang.Object)'> (0x00000000a7fabe80) 
thrown [s\open\src\hotspot\share\interpreter\linkResolver.cpp, line 759]
Event: 578.742 Thread 0x000001badba35240 Exception <a 'java/lang/NoSuchMethodError'{0x00000000a7d3ea98}: 'java.lang.Object java.lang.invoke.DirectMethodHandle$Holder.invokeSpecial(java.lang.Object, java.lang.Object, java.lang.Object, java.lang.Object, java.lang.Object, long)'> (0x00000000a7d3ea98) 
thrown [s\open\src\hotspot\share\interpreter\linkResolver.cpp, line 759]
Event: 578.744 Thread 0x000001badba35240 Exception <a 'java/lang/NoSuchMethodError'{0x00000000a7d424e8}: 'java.lang.Object java.lang.invoke.Invokers$Holder.linkToTargetMethod(java.lang.Object, java.lang.Object, java.lang.Object, long, java.lang.Object)'> (0x00000000a7d424e8) 
thrown [s\open\src\hotspot\share\interpreter\linkResolver.cpp, line 759]
Event: 580.468 Thread 0x000001badba35240 Exception <a 'java/lang/NoSuchMethodError'{0x00000000a7febf28}: 'java.lang.Object java.lang.invoke.DirectMethodHandle$Holder.invokeStatic(java.lang.Object, int, int)'> (0x00000000a7febf28) 
thrown [s\open\src\hotspot\share\interpreter\linkResolver.cpp, line 759]
Event: 581.413 Thread 0x000001badba31a90 Exception <a 'java/lang/NoSuchMethodError'{0x00000000ad96b088}: 'void java.lang.invoke.DirectMethodHandle$Holder.invokeSpecialIFC(java.lang.Object, java.lang.Object, int, java.lang.Object, java.lang.Object, java.lang.Object, java.lang.Object)'> (0x00000000ad96b088) 
thrown [s\open\src\hotspot\share\interpreter\linkResolver.cpp, line 759]
Event: 581.525 Thread 0x000001badba35c60 Exception <a 'java/lang/IncompatibleClassChangeError'{0x00000000ad9c5e78}: Found class java.lang.Object, but interface was expected> (0x00000000ad9c5e78) 
thrown [s\open\src\hotspot\share\interpreter\linkResolver.cpp, line 826]
Event: 581.525 Thread 0x000001badba370a0 Exception <a 'java/lang/IncompatibleClassChangeError'{0x00000000ad9be520}: Found class java.lang.Object, but interface was expected> (0x00000000ad9be520) 
thrown [s\open\src\hotspot\share\interpreter\linkResolver.cpp, line 826]
Event: 584.769 Thread 0x000001badba370a0 Exception <a 'java/lang/IncompatibleClassChangeError'{0x00000000adbec878}: Found class java.lang.Object, but interface was expected> (0x00000000adbec878) 
thrown [s\open\src\hotspot\share\interpreter\linkResolver.cpp, line 826]
Event: 584.801 Thread 0x000001badba37ac0 Exception <a 'java/lang/NoSuchMethodError'{0x00000000adadb558}: 'java.lang.Object java.lang.invoke.DirectMethodHandle$Holder.newInvokeSpecial(java.lang.Object, long)'> (0x00000000adadb558) 
thrown [s\open\src\hotspot\share\interpreter\linkResolver.cpp, line 759]
Event: 674.305 Thread 0x000001badba37ac0 Exception <a 'java/lang/reflect/InvocationTargetException'{0x00000000ad922810}> (0x00000000ad922810) 
thrown [s\open\src\hotspot\share\runtime\reflection.cpp, line 1121]
Event: 1107.167 Thread 0x000001badba36680 Exception <a 'java/lang/NoSuchMethodError'{0x00000000addfb038}: 'java.lang.Object java.lang.invoke.Invokers$Holder.linkToTargetMethod(java.lang.Object, int, java.lang.Object, java.lang.Object, java.lang.Object, java.lang.Object)'> (0x00000000addfb038) 
thrown [s\open\src\hotspot\share\interpreter\linkResolver.cpp, line 759]
Event: 1107.170 Thread 0x000001badba36680 Exception <a 'java/lang/NoSuchMethodError'{0x00000000adc08448}: 'int java.lang.invoke.DirectMethodHandle$Holder.invokeStatic(java.lang.Object, java.lang.Object, int, java.lang.Object)'> (0x00000000adc08448) 
thrown [s\open\src\hotspot\share\interpreter\linkResolver.cpp, line 759]
Event: 1107.194 Thread 0x000001badba36680 Exception <a 'java/lang/NoSuchMethodError'{0x00000000adc58bb0}: 'void java.lang.invoke.DirectMethodHandle$Holder.invokeStatic(java.lang.Object, int, java.lang.Object, java.lang.Object, java.lang.Object, java.lang.Object)'> (0x00000000adc58bb0) 
thrown [s\open\src\hotspot\share\interpreter\linkResolver.cpp, line 759]
Event: 1107.323 Thread 0x000001badba36680 Exception <a 'java/lang/reflect/InvocationTargetException'{0x00000000adcd19e0}> (0x00000000adcd19e0) 
thrown [s\open\src\hotspot\share\runtime\reflection.cpp, line 1121]
Event: 1107.530 Thread 0x000001badba36680 Exception <a 'java/lang/NoSuchMethodError'{0x00000000ada05c20}: 'int java.lang.invoke.DirectMethodHandle$Holder.invokeStatic(java.lang.Object, java.lang.Object, int, int)'> (0x00000000ada05c20) 
thrown [s\open\src\hotspot\share\interpreter\linkResolver.cpp, line 759]
Event: 1107.643 Thread 0x000001badba36680 Exception <a 'java/lang/IncompatibleClassChangeError'{0x00000000adaccfc0}: Found class java.lang.Object, but interface was expected> (0x00000000adaccfc0) 
thrown [s\open\src\hotspot\share\interpreter\linkResolver.cpp, line 826]
Event: 2725.262 Thread 0x000001badba31a90 Exception <a 'java/lang/reflect/InvocationTargetException'{0x00000000ad460d60}> (0x00000000ad460d60) 
thrown [s\open\src\hotspot\share\runtime\reflection.cpp, line 1121]

VM Operations (20 events):
Event: 2825.454 Executing VM operation: HandshakeAllThreads done
Event: 2826.034 Executing VM operation: G1CollectForAllocation
Event: 2826.122 Executing VM operation: G1CollectForAllocation done
Event: 2827.136 Executing VM operation: Cleanup
Event: 2827.137 Executing VM operation: Cleanup done
Event: 2885.582 Executing VM operation: HandshakeAllThreads
Event: 2885.625 Executing VM operation: HandshakeAllThreads done
Event: 2893.790 Executing VM operation: Cleanup
Event: 2894.059 Executing VM operation: Cleanup done
Event: 2945.712 Executing VM operation: HandshakeAllThreads
Event: 2945.794 Executing VM operation: HandshakeAllThreads done
Event: 2964.178 Executing VM operation: G1CollectForAllocation
Event: 2977.094 Executing VM operation: G1CollectForAllocation done
Event: 2977.503 Executing VM operation: G1Concurrent
Event: 2978.239 Executing VM operation: G1Concurrent done
Event: 2978.258 Executing VM operation: G1Concurrent
Event: 2978.792 Executing VM operation: G1Concurrent done
Event: 3188.378 Executing VM operation: G1CollectForAllocation
Event: 3200.638 Executing VM operation: G1CollectForAllocation done
Event: 3409.149 Executing VM operation: G1CollectForAllocation

Events (20 events):
Event: 2724.615 Thread 0x000001ba834e6280 Thread added: 0x000001ba834e6280
Event: 2726.852 Thread 0x000001badba389f0 Thread exited: 0x000001badba389f0
Event: 2730.075 Thread 0x000001ba834e6280 Thread exited: 0x000001ba834e6280
Event: 2730.084 Thread 0x000001ba834e6280 Thread added: 0x000001ba834e6280
Event: 2731.401 Thread 0x000001ba834e6280 Thread exited: 0x000001ba834e6280
Event: 2731.401 Thread 0x000001bada7980c0 Thread exited: 0x000001bada7980c0
Event: 2731.466 Thread 0x000001bada7980c0 Thread added: 0x000001bada7980c0
Event: 2731.466 Thread 0x000001ba834e6280 Thread added: 0x000001ba834e6280
Event: 2736.984 Thread 0x000001ba834e6280 Thread exited: 0x000001ba834e6280
Event: 2744.198 Thread 0x000001bada7980c0 Thread exited: 0x000001bada7980c0
Event: 2756.939 Thread 0x000001badcf8daa0 Thread added: 0x000001badcf8daa0
Event: 2756.941 Thread 0x000001badcf8dfc0 Thread added: 0x000001badcf8dfc0
Event: 2759.733 Thread 0x000001badcf90500 Thread added: 0x000001badcf90500
Event: 2765.156 Thread 0x000001badcf90500 Thread exited: 0x000001badcf90500
Event: 2769.920 Thread 0x000001badcf8dfc0 Thread exited: 0x000001badcf8dfc0
Event: 2774.925 Thread 0x000001badcf8daa0 Thread exited: 0x000001badcf8daa0
Event: 2826.146 Thread 0x000001badcf8daa0 Thread added: 0x000001badcf8daa0
Event: 2826.506 Thread 0x000001badd1fc5b0 Thread added: 0x000001badd1fc5b0
Event: 2831.975 Thread 0x000001badd1fc5b0 Thread exited: 0x000001badd1fc5b0
Event: 2836.977 Thread 0x000001badcf8daa0 Thread exited: 0x000001badcf8daa0


Dynamic libraries:
0x00007ff62fd80000 - 0x00007ff62fd90000 	C:\Program Files\Java\jdk-17\bin\java.exe
0x00007ff8cbf60000 - 0x00007ff8cc1c7000 	C:\WINDOWS\SYSTEM32\ntdll.dll
0x00007ff8ca680000 - 0x00007ff8ca749000 	C:\WINDOWS\System32\KERNEL32.DLL
0x00007ff8c8f40000 - 0x00007ff8c9334000 	C:\WINDOWS\System32\KERNELBASE.dll
0x00007ff8c8830000 - 0x00007ff8c897b000 	C:\WINDOWS\System32\ucrtbase.dll
0x00007ff8b2fd0000 - 0x00007ff8b2feb000 	C:\Program Files\Java\jdk-17\bin\VCRUNTIME140.dll
0x00007ff8b3090000 - 0x00007ff8b30a9000 	C:\Program Files\Java\jdk-17\bin\jli.dll
0x00007ff8cbe60000 - 0x00007ff8cbf16000 	C:\WINDOWS\System32\ADVAPI32.dll
0x00007ff8ca140000 - 0x00007ff8ca1e9000 	C:\WINDOWS\System32\msvcrt.dll
0x00007ff8cbdb0000 - 0x00007ff8cbe57000 	C:\WINDOWS\System32\sechost.dll
0x00007ff8ca750000 - 0x00007ff8ca868000 	C:\WINDOWS\System32\RPCRT4.dll
0x00007ff8cb980000 - 0x00007ff8cbb45000 	C:\WINDOWS\System32\USER32.dll
0x00007ff8c8f10000 - 0x00007ff8c8f37000 	C:\WINDOWS\System32\win32u.dll
0x00007ff8cbc60000 - 0x00007ff8cbc8b000 	C:\WINDOWS\System32\GDI32.dll
0x00007ff8b5710000 - 0x00007ff8b59a3000 	C:\WINDOWS\WinSxS\amd64_microsoft.windows.common-controls_6595b64144ccf1df_6.0.26100.8115_none_3e075c82e3354f9c\COMCTL32.dll
0x00007ff8c8bb0000 - 0x00007ff8c8cdb000 	C:\WINDOWS\System32\gdi32full.dll
0x00007ff8c8b00000 - 0x00007ff8c8ba3000 	C:\WINDOWS\System32\msvcp_win.dll
0x00007ff8c8310000 - 0x00007ff8c831b000 	C:\WINDOWS\SYSTEM32\VERSION.dll
0x00007ff8cb560000 - 0x00007ff8cb592000 	C:\WINDOWS\System32\IMM32.DLL
0x000000005a2b0000 - 0x000000005a2bd000 	C:\Program Files (x86)\360\Total Security\safemon\SafeWrapper.dll
0x00007ff8c3b20000 - 0x00007ff8c3c25000 	C:\Program Files (x86)\360\Total Security\safemon\libzdtp64.dll
0x00007ff8ca870000 - 0x00007ff8cafd7000 	C:\WINDOWS\System32\SHELL32.dll
0x00007ff8c8ce0000 - 0x00007ff8c8e4a000 	C:\WINDOWS\System32\wintypes.dll
0x00007ff8cb5a0000 - 0x00007ff8cb922000 	C:\WINDOWS\System32\combase.dll
0x00007ff8ca0d0000 - 0x00007ff8ca136000 	C:\WINDOWS\System32\SHLWAPI.dll
0x00007ff8c93d0000 - 0x00007ff8c9c38000 	C:\WINDOWS\System32\Windows.Storage.dll
0x00007ff8c5fa0000 - 0x00007ff8c5fac000 	C:\Program Files\Java\jdk-17\bin\vcruntime140_1.dll
0x00007ff86f000000 - 0x00007ff86f08e000 	C:\Program Files\Java\jdk-17\bin\msvcp140.dll
0x00007ffffb310000 - 0x00007ffffbef0000 	C:\Program Files\Java\jdk-17\bin\server\jvm.dll
0x00007ff8c9da0000 - 0x00007ff8c9da8000 	C:\WINDOWS\System32\PSAPI.DLL
0x00007ff8ad2f0000 - 0x00007ff8ad2fa000 	C:\WINDOWS\SYSTEM32\WSOCK32.dll
0x00007ff8bebf0000 - 0x00007ff8bec26000 	C:\WINDOWS\SYSTEM32\WINMM.dll
0x00007ff8cb050000 - 0x00007ff8cb0d0000 	C:\WINDOWS\System32\WS2_32.dll
0x00007ff8c7510000 - 0x00007ff8c752b000 	C:\WINDOWS\SYSTEM32\kernel.appcore.dll
0x00007ff8c3e80000 - 0x00007ff8c3e8a000 	C:\Program Files\Java\jdk-17\bin\jimage.dll
0x00007ff8bc230000 - 0x00007ff8bc472000 	C:\WINDOWS\SYSTEM32\DBGHELP.DLL
0x00007ff8cb3c0000 - 0x00007ff8cb498000 	C:\WINDOWS\System32\OLEAUT32.dll
0x00007ff8ad8b0000 - 0x00007ff8ad8eb000 	C:\WINDOWS\SYSTEM32\dbgcore.DLL
0x00007ff8c9c40000 - 0x00007ff8c9ce5000 	C:\WINDOWS\System32\bcryptPrimitives.dll
0x00007ff8aee70000 - 0x00007ff8aee95000 	C:\Program Files\Java\jdk-17\bin\java.dll
0x00007ff851290000 - 0x00007ff851367000 	C:\Program Files\Java\jdk-17\bin\jsvml.dll
0x00007ff8cbcb0000 - 0x00007ff8cbda8000 	C:\WINDOWS\System32\SHCORE.dll
0x00007ff8c8750000 - 0x00007ff8c8779000 	C:\WINDOWS\SYSTEM32\profapi.dll
0x00007ff8b2fb0000 - 0x00007ff8b2fc9000 	C:\Program Files\Java\jdk-17\bin\net.dll
0x00007ff8c15d0000 - 0x00007ff8c16fd000 	C:\WINDOWS\SYSTEM32\WINHTTP.dll
0x00007ff8c7a60000 - 0x00007ff8c7acc000 	C:\WINDOWS\system32\mswsock.dll
0x00007ff8b2ed0000 - 0x00007ff8b2ee6000 	C:\Program Files\Java\jdk-17\bin\nio.dll
0x00007ff8aff00000 - 0x00007ff8aff18000 	C:\Program Files\Java\jdk-17\bin\zip.dll
0x00007ff8a9100000 - 0x00007ff8a910a000 	C:\Program Files\Java\jdk-17\bin\management.dll
0x00007ff8a3740000 - 0x00007ff8a374b000 	C:\Program Files\Java\jdk-17\bin\management_ext.dll
0x00007ff89bc90000 - 0x00007ff89bc9e000 	C:\Program Files\Java\jdk-17\bin\sunmscapi.dll
0x00007ff8c8980000 - 0x00007ff8c8af7000 	C:\WINDOWS\System32\CRYPT32.dll
0x00007ff8c7fc0000 - 0x00007ff8c7ff0000 	C:\WINDOWS\SYSTEM32\ncrypt.dll
0x00007ff8c7f70000 - 0x00007ff8c7faf000 	C:\WINDOWS\SYSTEM32\NTASN1.dll
0x00007ff8c7e60000 - 0x00007ff8c7e7b000 	C:\WINDOWS\SYSTEM32\CRYPTSP.dll
0x00007ff8c7470000 - 0x00007ff8c74a9000 	C:\WINDOWS\system32\rsaenh.dll
0x00007ff8c7b10000 - 0x00007ff8c7b43000 	C:\WINDOWS\SYSTEM32\USERENV.dll
0x00007ff8c8720000 - 0x00007ff8c874a000 	C:\WINDOWS\SYSTEM32\bcrypt.dll
0x00007ff8c7cc0000 - 0x00007ff8c7ccc000 	C:\WINDOWS\SYSTEM32\CRYPTBASE.dll
0x00007ff8c6ef0000 - 0x00007ff8c6f22000 	C:\WINDOWS\SYSTEM32\IPHLPAPI.DLL
0x00007ff8cafe0000 - 0x00007ff8cafea000 	C:\WINDOWS\System32\NSI.dll
0x00007ff8c1590000 - 0x00007ff8c15ad000 	C:\WINDOWS\SYSTEM32\dhcpcsvc6.DLL
0x00007ff8c1430000 - 0x00007ff8c1455000 	C:\WINDOWS\SYSTEM32\dhcpcsvc.DLL
0x00007ff8c6f80000 - 0x00007ff8c70b2000 	C:\WINDOWS\SYSTEM32\DNSAPI.dll
0x00007ff8b3080000 - 0x00007ff8b3090000 	C:\Program Files\Java\jdk-17\bin\verify.dll
0x00007ff8bebe0000 - 0x00007ff8bebeb000 	C:\Windows\System32\rasadhlp.dll
0x00007ff8c0c60000 - 0x00007ff8c0ce6000 	C:\WINDOWS\System32\fwpuclnt.dll
0x00007ff8b2ec0000 - 0x00007ff8b2ec8000 	C:\WINDOWS\system32\wshunix.dll

dbghelp: loaded successfully - version: 4.0.5 - missing functions: none
symbol engine: initialized successfully - sym options: 0x614 - pdb path: .;C:\Program Files\Java\jdk-17\bin;C:\WINDOWS\SYSTEM32;C:\WINDOWS\WinSxS\amd64_microsoft.windows.common-controls_6595b64144ccf1df_6.0.26100.8115_none_3e075c82e3354f9c;C:\Program Files (x86)\360\Total Security\safemon;C:\Program Files\Java\jdk-17\bin\server

VM Arguments:
jvm_args: -XX:TieredStopAtLevel=1 
java_command: com.estore.customer.CustomerApplication
java_class_path (initial): C:\Users\egor2\4_course\course_proj\e-store\Customer\target\classes;C:\Users\egor2\.m2\repository\com\estore\Library\0.0.1-SNAPSHOT\Library-0.0.1-SNAPSHOT.jar;C:\Users\egor2\.m2\repository\org\springframework\security\spring-security-core\6.3.3\spring-security-core-6.3.3.jar;C:\Users\egor2\.m2\repository\org\springframework\security\spring-security-crypto\6.3.3\spring-security-crypto-6.3.3.jar;C:\Users\egor2\.m2\repository\org\springframework\spring-beans\6.1.13\spring-beans-6.1.13.jar;C:\Users\egor2\.m2\repository\org\springframework\spring-context\6.1.13\spring-context-6.1.13.jar;C:\Users\egor2\.m2\repository\org\springframework\spring-expression\6.1.13\spring-expression-6.1.13.jar;C:\Users\egor2\.m2\repository\io\micrometer\micrometer-observation\1.13.4\micrometer-observation-1.13.4.jar;C:\Users\egor2\.m2\repository\io\micrometer\micrometer-commons\1.13.4\micrometer-commons-1.13.4.jar;C:\Users\egor2\.m2\repository\org\hibernate\validator\hibernate-validator\7.0.0.Final\hibernate-validator-7.0.0.Final.jar;C:\Users\egor2\.m2\repository\jakarta\validation\jakarta.validation-api\3.0.2\jakarta.validation-api-3.0.2.jar;C:\Users\egor2\.m2\repository\org\jboss\logging\jboss-logging\3.5.3.Final\jboss-logging-3.5.3.Final.jar;C:\Users\egor2\.m2\repository\com\fasterxml\classmate\1.7.0\classmate-1.7.0.jar;C:\Users\egor2\.m2\repository\org\mapstruct\mapstruct\1.5.5.Final\mapstruct-1.5.5.Final.jar;C:\Users\egor2\.m2\repository\ch\qos\logback\logback-classic\1.5.8\logback-classic-1.5.8.jar;C:\Users\egor2\.m2\repository\ch\qos\logback\logback-core\1.5.8\logback-core-1.5.8.jar;C:\Users\egor2\.m2\repository\org\apache\logging\log4j\log4j-to-slf4j\2.23.1\log4j-to-slf4j-2.23.1.jar;C:\Users\egor2\.m2\repository\org\apache\logging\log4j\log4j-api\2.23.1\log4j-api-2.23.1.jar;C:\Users\egor2\.m2\repository\org\slf4j\jul-to-slf4j\2.0.16\jul-to-slf4j-2.0.16.jar;C:\Users\egor2\.m2\repository\jakarta\annotation\jakarta.annotation-api\2.1.1\jakarta.annotation-api-
Launcher Type: SUN_STANDARD

[Global flags]
     intx CICompilerCount                          = 12                                        {product} {ergonomic}
     uint ConcGCThreads                            = 3                                         {product} {ergonomic}
     uint G1ConcRefinementThreads                  = 13                                        {product} {ergonomic}
   size_t G1HeapRegionSize                         = 1048576                                   {product} {ergonomic}
    uintx GCDrainStackTargetSize                   = 64                                        {product} {ergonomic}
   size_t InitialHeapSize                          = 98566144                                  {product} {ergonomic}
   size_t MarkStackSize                            = 4194304                                   {product} {ergonomic}
   size_t MaxHeapSize                              = 1572864000                                {product} {ergonomic}
   size_t MaxNewSize                               = 943718400                                 {product} {ergonomic}
   size_t MinHeapDeltaBytes                        = 1048576                                   {product} {ergonomic}
   size_t MinHeapSize                              = 8388608                                   {product} {ergonomic}
    uintx NonProfiledCodeHeapSize                  = 0                                      {pd product} {ergonomic}
     bool ProfileInterpreter                       = false                                  {pd product} {command line}
    uintx ProfiledCodeHeapSize                     = 0                                      {pd product} {ergonomic}
   size_t SoftMaxHeapSize                          = 1572864000                             {manageable} {ergonomic}
     intx TieredStopAtLevel                        = 1                                         {product} {command line}
     bool UseCompressedClassPointers               = true                           {product lp64_product} {ergonomic}
     bool UseCompressedOops                        = true                           {product lp64_product} {ergonomic}
     bool UseG1GC                                  = true                                      {product} {ergonomic}
     bool UseLargePagesIndividualAllocation        = false                                  {pd product} {ergonomic}

Logging:
Log output configuration:
 #0: stdout all=warning uptime,level,tags
 #1: stderr all=off uptime,level,tags

Environment Variables:
JAVA_HOME=C:\Program Files\Java\jdk-17
PATH=C:\Windows\System32\WindowsPowerShell\v1.0;C:\Program Files\Apache\Maven\apache-maven-3.9.9\bin;C:\Users\egor2\Spark\spark_demo_course\Spark_Demo_Course\hadoop-2.7.0\bin;C:\Users\egor2\Spark\spark_demo_course\Spark_Demo_Course\spark-3.1.3-bin-hadoop2.7\bin;C:\Program Files\Java\jdk-17\bin;C:\Windows\System32;C:\Program Files\Git\bin;;C:\WINDOWS\system32;C:\WINDOWS;C:\WINDOWS\System32\Wbem;C:\WINDOWS\System32\WindowsPowerShell\v1.0\;C:\WINDOWS\System32\OpenSSH\;C:\Program Files\cursor\resources\app\bin;C:\Program Files\Docker\Docker\resources\bin;C:\Users\egor2\.local\bin;C:\Users\egor2\AppData\Local\Programs\Python\Python39\Scripts\;C:\Users\egor2\AppData\Local\Programs\Python\Python39\;C:\Users\egor2\Maven\apache-maven-3.9.9;C:\Users\egor2\AppData\Local\Programs\Microsoft VS Code\bin;C:\Program Files\Apache\Maven\apache-maven-3.9.9\bin;C:\Windows\System32\WindowsPowerShell\v1.0;C:\Program Files\nodejs;C:\Program Files\Java\jdk-17\bin;C:\Users\egor2\Spark\spark_demo_course\Spark_Demo_Course\spark-3.1.3-bin-hadoop2.7\bin;C:\Users\egor2\Spark\spark_demo_course\Spark_Demo_Course\hadoop-2.7.0\bin;C:\Windows\System32;C:\Program Files\Git\bin;C:\Program Files\PostgreSQL\16\bin;;C:\Users\egor2\AppData\Local\Microsoft\WindowsApps
USERNAME=egor2
OS=Windows_NT
PROCESSOR_IDENTIFIER=AMD64 Family 25 Model 80 Stepping 0, AuthenticAMD



---------------  S Y S T E M  ---------------

OS:
 Windows 11 , 64 bit Build 26100 (10.0.26100.8246)
OS uptime: 1 days 4:29 hours
Hyper-V role detected

CPU: total 16 (initial active 16) (16 cores per cpu, 2 threads per core) family 25 model 80 stepping 0 microcode 0xa50000c, cx8, cmov, fxsr, ht, mmx, 3dnowpref, sse, sse2, sse3, ssse3, sse4a, sse4.1, sse4.2, popcnt, lzcnt, tsc, tscinvbit, avx, avx2, aes, erms, clmul, bmi1, bmi2, adx, sha, fma, vzeroupper, clflush, clflushopt, hv

Memory: 4k page, system-wide physical 5996M (430M free)
TotalPageFile size 24428M (AvailPageFile size 26M)
current process WorkingSet (physical memory assigned to process): 24M, peak: 201M
current process commit charge ("private bytes"): 388M, peak: 412M

vm_info: Java HotSpot(TM) 64-Bit Server VM (17.0.12+8-LTS-286) for windows-amd64 JRE (17.0.12+8-LTS-286), built on Jun  5 2024 06:46:59 by "mach5one" with MS VC++ 17.6 (VS2022)

END.
